// Jest Snapshot v1, https://goo.gl/fbAQLP

exports[`<DialogModal /> renders dialog modal with custom color 1`] = `
.css-ncv863-modalContainer.entering,
.css-ncv863-modalContainer.exiting,
.css-ncv863-modalContainer.exited {
  -webkit-transform: translateY(100%);
  -moz-transform: translateY(100%);
  -ms-transform: translateY(100%);
  transform: translateY(100%);
}

@media (min-width: 768px) {
  .css-ncv863-modalContainer {
    position: relative;
    width: 456px;
    border-radius: 8px;
    padding: 3.5rem;
  }

  .css-ncv863-modalContainer.entering,
  .css-ncv863-modalContainer.exiting,
  .css-ncv863-modalContainer.exited {
    -webkit-transform: translateY(40%);
    -moz-transform: translateY(40%);
    -ms-transform: translateY(40%);
    transform: translateY(40%);
  }
}

.emotion-0 {
  position: fixed;
  top: 0;
  right: 0;
  bottom: 0;
  left: 0;
  z-index: 999999;
  background-color: rgba(45, 45, 48, 0.7);
  -webkit-transition: opacity 250ms cubic-bezier(0.075, 0.82, 0.165, 1);
  transition: opacity 250ms cubic-bezier(0.075, 0.82, 0.165, 1);
}

.emotion-0.entering,
.emotion-0.exiting,
.emotion-0.exited {
  opacity: 0;
}

.emotion-0.entered {
  opacity: 1;
}

@media (min-width: 768px) {
  .emotion-0 {
    display: -webkit-box;
    display: -webkit-flex;
    display: -ms-flexbox;
    display: flex;
    -webkit-box-flex-flow: row nowrap;
    -webkit-flex-flow: row nowrap;
    -ms-flex-flow: row nowrap;
    flex-flow: row nowrap;
    -webkit-box-pack: center;
    -ms-flex-pack: center;
    -webkit-justify-content: center;
    justify-content: center;
    -webkit-align-items: center;
    -webkit-box-align: center;
    -ms-flex-align: center;
    align-items: center;
  }
}

.emotion-1 {
  width: 100%;
  margin: 0 auto;
  position: absolute;
  bottom: 0;
  left: 0;
  right: 0;
  border-top-left-radius: 32px;
  border-top-right-radius: 32px;
  box-shadow: 0px -8px 24px rgba(52, 51, 82, 0.05);
  background: #F8F8FA;
  padding: 3.5rem 1.5rem 2rem;
  overflow-y: auto;
  max-height: 100%;
  -webkit-transition: -webkit-transform 250ms cubic-bezier(0.075, 0.82, 0.165, 1);
  transition: transform 250ms cubic-bezier(0.075, 0.82, 0.165, 1);
}

.emotion-1.entered {
  -webkit-transform: translateY(0%);
  -moz-transform: translateY(0%);
  -ms-transform: translateY(0%);
  transform: translateY(0%);
}

.emotion-1.entering,
.emotion-1.exiting,
.emotion-1.exited {
  -webkit-transform: translateY(100%);
  -moz-transform: translateY(100%);
  -ms-transform: translateY(100%);
  transform: translateY(100%);
}

@media (min-width: 576px) {
  .emotion-1 {
    max-height: 700px;
  }
}

@media (min-width: 768px) {
  .emotion-1 {
    position: relative;
    width: 456px;
    border-radius: 8px;
    padding: 3.5rem;
  }

  .emotion-1.entering,
  .emotion-1.exiting,
  .emotion-1.exited {
    -webkit-transform: translateY(40%);
    -moz-transform: translateY(40%);
    -ms-transform: translateY(40%);
    transform: translateY(40%);
  }
}

.emotion-2 {
  margin-bottom: 1.5rem;
}

.emotion-2:last-of-type {
  margin-bottom: 2rem;
}

<div
  class="entering emotion-0"
>
  <span
    hidden=""
  />
  <div
    class="entering emotion-1"
  >
    <div>
      <p
        class="emotion-2"
      >
        Dialog Modal Children Content
      </p>
    </div>
  </div>
  <span
    hidden=""
  />
</div>
`;
