// Jest Snapshot v1, https://goo.gl/fbAQLP

exports[`<AccordionContainer /> Renders with styles by default 1`] = `
.emotion-0 {
  box-shadow: 0px 8px 24px rgba(52,51,82,0.05);
  background-color: #ffffff;
  max-width: 768px;
}

<div
  className="emotion-0 emotion-1"
>
  I am the container child
</div>
`;

exports[`<AccordionContainer /> Renders without styles if explicit falsy withContainer prop 1`] = `"I am the fragment child"`;
