// Jest Snapshot v1, https://goo.gl/fbAQLP

exports[`<Chip /> UI snapshots renders the correct css and text 1`] = `
.emotion-2 {
  -webkit-align-items: center;
  -webkit-box-align: center;
  -ms-flex-align: center;
  align-items: center;
  border-radius: 1rem;
  border: 1px solid;
  display: -webkit-inline-box;
  display: -webkit-inline-flex;
  display: -ms-inline-flexbox;
  display: inline-flex;
  height: 1.5rem;
  -webkit-box-pack: center;
  -webkit-justify-content: center;
  -ms-flex-pack: center;
  justify-content: center;
  min-width: 2rem;
  background-color: #eaf2eb;
  border-color: #DAECDC;
}

.emotion-2 .emotion-1 {
  color: #317f3b;
}

.emotion-0 {
  color: #5C5876;
  font-size: 0.75rem;
  line-height: 1.67;
  font-weight: bold;
  -webkit-letter-spacing: 1px;
  -moz-letter-spacing: 1px;
  -ms-letter-spacing: 1px;
  letter-spacing: 1px;
  text-transform: uppercase;
  -webkit-letter-spacing: 0.5px;
  -moz-letter-spacing: 0.5px;
  -ms-letter-spacing: 0.5px;
  letter-spacing: 0.5px;
  font-size: 10px;
  line-height: 1;
  padding: 0.5rem 12px;
  position: relative;
  top: 0.5px;
}

<div
  className="emotion-2 emotion-3"
>
  <span
    className="emotion-0 emotion-1"
  >
    Success
  </span>
</div>
`;
